// Jest Snapshot v1, https://goo.gl/fbAQLP

exports[`<FactoryNameCell /> with factories renders 1`] = `
<div>
  <a
    class="MuiTypography-root MuiLink-root MuiLink-underlineHover MuiTypography-colorSecondary"
    href="/factories/3e23e8160039594a33894f6564e1b1348bbd7a0088d42c4acb73eeaed59c009d"
  >
    <i
      class=""
      title="View factory profile"
    >
      Test Org 1
    </i>
  </a>
</div>
`;
