// Jest Snapshot v1, https://goo.gl/fbAQLP

exports[`<TableTitle /> renders 1`] = `
<div>
  <div
    class="MuiGrid-root MuiGrid-container MuiGrid-spacing-xs-2 MuiGrid-align-items-xs-center"
  >
    <div
      class="MuiGrid-root MuiGrid-item"
    >
      <h4
        class="MuiTypography-root MuiTypography-h4"
      >
        Factories
      </h4>
    </div>
    <div
      class="MuiGrid-root MuiGrid-item"
    >
      <svg
        aria-hidden="true"
        class="MuiSvgIcon-root makeStyles-icon MuiSvgIcon-fontSizeLarge"
        focusable="false"
        viewBox="0 0 24 24"
      >
        <path
          d="M12 7V3H2v18h20V7H12zM6 19H4v-2h2v2zm0-4H4v-2h2v2zm0-4H4V9h2v2zm0-4H4V5h2v2zm4 12H8v-2h2v2zm0-4H8v-2h2v2zm0-4H8V9h2v2zm0-4H8V5h2v2zm10 12h-8v-2h2v-2h-2v-2h2v-2h-2V9h8v10zm-2-8h-2v2h2v-2zm0 4h-2v2h2v-2z"
        />
      </svg>
    </div>
  </div>
</div>
`;
